     1 00000000                                 [FORMAT "WCOFF"]
     2 00000000                                 [INSTRSET "i486p"]
     3 00000000                                 [OPTIMIZE 1]
     4 00000000                                 [OPTION 1]
     5 00000000                                 [BITS 32]
     6 00000000                                 	EXTERN	_boxfill8
     7 00000000                                 	EXTERN	_putfonts8_asc
     8 00000000                                 	EXTERN	_sheet_refresh
     9 00000000                                 [FILE "window.c"]
    10                                          [SECTION .text]
    11 00000000                                 	GLOBAL	_make_window8
    12 00000000                                 _make_window8:
    13 00000000 55                              	PUSH	EBP
    14 00000001 89 E5                           	MOV	EBP,ESP
    15 00000003 57                              	PUSH	EDI
    16 00000004 56                              	PUSH	ESI
    17 00000005 53                              	PUSH	EBX
    18 00000006 83 EC 18                        	SUB	ESP,24
    19 00000009 8B 45 10                        	MOV	EAX,DWORD [16+EBP]
    20 0000000C 8B 5D 0C                        	MOV	EBX,DWORD [12+EBP]
    21 0000000F 89 45 F0                        	MOV	DWORD [-16+EBP],EAX
    22 00000012 8B 75 08                        	MOV	ESI,DWORD [8+EBP]
    23 00000015 8B 45 14                        	MOV	EAX,DWORD [20+EBP]
    24 00000018 89 45 EC                        	MOV	DWORD [-20+EBP],EAX
    25 0000001B 0F BE 45 18                     	MOVSX	EAX,BYTE [24+EBP]
    26 0000001F 89 45 E8                        	MOV	DWORD [-24+EBP],EAX
    27 00000022 8D 43 FF                        	LEA	EAX,DWORD [-1+EBX]
    28 00000025 6A 00                           	PUSH	0
    29 00000027 89 45 E4                        	MOV	DWORD [-28+EBP],EAX
    30 0000002A 50                              	PUSH	EAX
    31 0000002B 6A 00                           	PUSH	0
    32 0000002D 6A 00                           	PUSH	0
    33 0000002F 6A 0F                           	PUSH	15
    34 00000031 53                              	PUSH	EBX
    35 00000032 56                              	PUSH	ESI
    36 00000033 E8 [00000000]                   	CALL	_boxfill8
    37 00000038 8D 43 FE                        	LEA	EAX,DWORD [-2+EBX]
    38 0000003B 6A 01                           	PUSH	1
    39 0000003D 89 45 E0                        	MOV	DWORD [-32+EBP],EAX
    40 00000040 50                              	PUSH	EAX
    41 00000041 6A 01                           	PUSH	1
    42 00000043 6A 01                           	PUSH	1
    43 00000045 6A 0D                           	PUSH	13
    44 00000047 53                              	PUSH	EBX
    45 00000048 56                              	PUSH	ESI
    46 00000049 E8 [00000000]                   	CALL	_boxfill8
    47 0000004E 8B 45 F0                        	MOV	EAX,DWORD [-16+EBP]
    48 00000051 83 C4 38                        	ADD	ESP,56
    49 00000054 48                              	DEC	EAX
    50 00000055 89 45 DC                        	MOV	DWORD [-36+EBP],EAX
    51 00000058 50                              	PUSH	EAX
    52 00000059 6A 00                           	PUSH	0
    53 0000005B 6A 00                           	PUSH	0
    54 0000005D 6A 00                           	PUSH	0
    55 0000005F 6A 0F                           	PUSH	15
    56 00000061 53                              	PUSH	EBX
    57 00000062 56                              	PUSH	ESI
    58 00000063 E8 [00000000]                   	CALL	_boxfill8
    59 00000068 8B 7D F0                        	MOV	EDI,DWORD [-16+EBP]
    60 0000006B 83 EF 02                        	SUB	EDI,2
    61 0000006E 57                              	PUSH	EDI
    62 0000006F 6A 01                           	PUSH	1
    63 00000071 6A 01                           	PUSH	1
    64 00000073 6A 01                           	PUSH	1
    65 00000075 6A 0D                           	PUSH	13
    66 00000077 53                              	PUSH	EBX
    67 00000078 56                              	PUSH	ESI
    68 00000079 E8 [00000000]                   	CALL	_boxfill8
    69 0000007E 83 C4 38                        	ADD	ESP,56
    70 00000081 57                              	PUSH	EDI
    71 00000082 FF 75 E0                        	PUSH	DWORD [-32+EBP]
    72 00000085 6A 01                           	PUSH	1
    73 00000087 FF 75 E0                        	PUSH	DWORD [-32+EBP]
    74 0000008A 6A 0D                           	PUSH	13
    75 0000008C 53                              	PUSH	EBX
    76 0000008D 56                              	PUSH	ESI
    77 0000008E E8 [00000000]                   	CALL	_boxfill8
    78 00000093 FF 75 DC                        	PUSH	DWORD [-36+EBP]
    79 00000096 FF 75 E4                        	PUSH	DWORD [-28+EBP]
    80 00000099 6A 00                           	PUSH	0
    81 0000009B FF 75 E4                        	PUSH	DWORD [-28+EBP]
    82 0000009E 6A 03                           	PUSH	3
    83 000000A0 53                              	PUSH	EBX
    84 000000A1 56                              	PUSH	ESI
    85 000000A2 E8 [00000000]                   	CALL	_boxfill8
    86 000000A7 8B 45 F0                        	MOV	EAX,DWORD [-16+EBP]
    87 000000AA 83 C4 38                        	ADD	ESP,56
    88 000000AD 83 E8 03                        	SUB	EAX,3
    89 000000B0 50                              	PUSH	EAX
    90 000000B1 8D 43 FD                        	LEA	EAX,DWORD [-3+EBX]
    91 000000B4 50                              	PUSH	EAX
    92 000000B5 6A 02                           	PUSH	2
    93 000000B7 6A 02                           	PUSH	2
    94 000000B9 6A 0F                           	PUSH	15
    95 000000BB 53                              	PUSH	EBX
    96 000000BC 56                              	PUSH	ESI
    97 000000BD E8 [00000000]                   	CALL	_boxfill8
    98 000000C2 57                              	PUSH	EDI
    99 000000C3 FF 75 E0                        	PUSH	DWORD [-32+EBP]
   100 000000C6 57                              	PUSH	EDI
   101 000000C7 6A 01                           	PUSH	1
   102 000000C9 6A 0D                           	PUSH	13
   103 000000CB 53                              	PUSH	EBX
   104 000000CC 56                              	PUSH	ESI
   105 000000CD E8 [00000000]                   	CALL	_boxfill8
   106 000000D2 83 C4 38                        	ADD	ESP,56
   107 000000D5 FF 75 DC                        	PUSH	DWORD [-36+EBP]
   108 000000D8 FF 75 E4                        	PUSH	DWORD [-28+EBP]
   109 000000DB FF 75 DC                        	PUSH	DWORD [-36+EBP]
   110 000000DE 6A 00                           	PUSH	0
   111 000000E0 6A 03                           	PUSH	3
   112 000000E2 53                              	PUSH	EBX
   113 000000E3 56                              	PUSH	ESI
   114 000000E4 E8 [00000000]                   	CALL	_boxfill8
   115 000000E9 89 75 08                        	MOV	DWORD [8+EBP],ESI
   116 000000EC 8B 45 E8                        	MOV	EAX,DWORD [-24+EBP]
   117 000000EF 89 5D 0C                        	MOV	DWORD [12+EBP],EBX
   118 000000F2 89 45 14                        	MOV	DWORD [20+EBP],EAX
   119 000000F5 83 C4 1C                        	ADD	ESP,28
   120 000000F8 8B 45 EC                        	MOV	EAX,DWORD [-20+EBP]
   121 000000FB 89 45 10                        	MOV	DWORD [16+EBP],EAX
   122 000000FE 8D 65 F4                        	LEA	ESP,DWORD [-12+EBP]
   123 00000101 5B                              	POP	EBX
   124 00000102 5E                              	POP	ESI
   125 00000103 5F                              	POP	EDI
   126 00000104 5D                              	POP	EBP
   127 00000105 EB 00                           	JMP	_make_wtitle8
   128 00000107                                 	GLOBAL	_make_wtitle8
   129 00000107                                 _make_wtitle8:
   130 00000107 55                              	PUSH	EBP
   131 00000108 89 E5                           	MOV	EBP,ESP
   132 0000010A 57                              	PUSH	EDI
   133 0000010B 56                              	PUSH	ESI
   134 0000010C 53                              	PUSH	EBX
   135 0000010D 8B 7D 08                        	MOV	EDI,DWORD [8+EBP]
   136 00000110 8B 5D 0C                        	MOV	EBX,DWORD [12+EBP]
   137 00000113 80 7D 14 00                     	CMP	BYTE [20+EBP],0
   138 00000117 74 38                           	JE	L3
   139 00000119 BE 0000000D                     	MOV	ESI,13
   140 0000011E B2 0E                           	MOV	DL,14
   141 00000120                                 L4:
   142 00000120 6A 14                           	PUSH	20
   143 00000122 8D 43 FC                        	LEA	EAX,DWORD [-4+EBX]
   144 00000125 50                              	PUSH	EAX
   145 00000126 6A 03                           	PUSH	3
   146 00000128 6A 03                           	PUSH	3
   147 0000012A 0F B6 C2                        	MOVZX	EAX,DL
   148 0000012D 50                              	PUSH	EAX
   149 0000012E 53                              	PUSH	EBX
   150 0000012F 57                              	PUSH	EDI
   151 00000130 E8 [00000000]                   	CALL	_boxfill8
   152 00000135 89 F2                           	MOV	EDX,ESI
   153 00000137 FF 75 10                        	PUSH	DWORD [16+EBP]
   154 0000013A 0F BE C2                        	MOVSX	EAX,DL
   155 0000013D 50                              	PUSH	EAX
   156 0000013E 6A 04                           	PUSH	4
   157 00000140 6A 18                           	PUSH	24
   158 00000142 53                              	PUSH	EBX
   159 00000143 57                              	PUSH	EDI
   160 00000144 E8 [00000000]                   	CALL	_putfonts8_asc
   161 00000149 8D 65 F4                        	LEA	ESP,DWORD [-12+EBP]
   162 0000014C 5B                              	POP	EBX
   163 0000014D 5E                              	POP	ESI
   164 0000014E 5F                              	POP	EDI
   165 0000014F 5D                              	POP	EBP
   166 00000150 C3                              	RET
   167 00000151                                 L3:
   168 00000151 BE 0000000F                     	MOV	ESI,15
   169 00000156 B2 0D                           	MOV	DL,13
   170 00000158 EB C6                           	JMP	L4
   171 0000015A                                 	GLOBAL	_putfonts8_asc_sht
   172 0000015A                                 _putfonts8_asc_sht:
   173 0000015A 55                              	PUSH	EBP
   174 0000015B 89 E5                           	MOV	EBP,ESP
   175 0000015D 57                              	PUSH	EDI
   176 0000015E 56                              	PUSH	ESI
   177 0000015F 53                              	PUSH	EBX
   178 00000160 83 EC 0C                        	SUB	ESP,12
   179 00000163 8B 45 08                        	MOV	EAX,DWORD [8+EBP]
   180 00000166 8B 7D 10                        	MOV	EDI,DWORD [16+EBP]
   181 00000169 89 45 F0                        	MOV	DWORD [-16+EBP],EAX
   182 0000016C 8B 5D 14                        	MOV	EBX,DWORD [20+EBP]
   183 0000016F 8B 45 0C                        	MOV	EAX,DWORD [12+EBP]
   184 00000172 89 45 EC                        	MOV	DWORD [-20+EBP],EAX
   185 00000175 8B 45 1C                        	MOV	EAX,DWORD [28+EBP]
   186 00000178 89 45 E8                        	MOV	DWORD [-24+EBP],EAX
   187 0000017B 8D 47 0F                        	LEA	EAX,DWORD [15+EDI]
   188 0000017E 50                              	PUSH	EAX
   189 0000017F 8B 45 EC                        	MOV	EAX,DWORD [-20+EBP]
   190 00000182 8B 75 20                        	MOV	ESI,DWORD [32+EBP]
   191 00000185 0F BE DB                        	MOVSX	EBX,BL
   192 00000188 8D 34 F0                        	LEA	ESI,DWORD [EAX+ESI*8]
   193 0000018B 8D 46 FF                        	LEA	EAX,DWORD [-1+ESI]
   194 0000018E 50                              	PUSH	EAX
   195 0000018F 57                              	PUSH	EDI
   196 00000190 FF 75 EC                        	PUSH	DWORD [-20+EBP]
   197 00000193 0F B6 45 18                     	MOVZX	EAX,BYTE [24+EBP]
   198 00000197 50                              	PUSH	EAX
   199 00000198 8B 45 F0                        	MOV	EAX,DWORD [-16+EBP]
   200 0000019B FF 70 04                        	PUSH	DWORD [4+EAX]
   201 0000019E FF 30                           	PUSH	DWORD [EAX]
   202 000001A0 E8 [00000000]                   	CALL	_boxfill8
   203 000001A5 FF 75 E8                        	PUSH	DWORD [-24+EBP]
   204 000001A8 53                              	PUSH	EBX
   205 000001A9 57                              	PUSH	EDI
   206 000001AA FF 75 EC                        	PUSH	DWORD [-20+EBP]
   207 000001AD 8B 45 F0                        	MOV	EAX,DWORD [-16+EBP]
   208 000001B0 FF 70 04                        	PUSH	DWORD [4+EAX]
   209 000001B3 FF 30                           	PUSH	DWORD [EAX]
   210 000001B5 E8 [00000000]                   	CALL	_putfonts8_asc
   211 000001BA 89 7D 10                        	MOV	DWORD [16+EBP],EDI
   212 000001BD 8D 47 10                        	LEA	EAX,DWORD [16+EDI]
   213 000001C0 89 75 14                        	MOV	DWORD [20+EBP],ESI
   214 000001C3 89 45 18                        	MOV	DWORD [24+EBP],EAX
   215 000001C6 83 C4 34                        	ADD	ESP,52
   216 000001C9 8B 45 EC                        	MOV	EAX,DWORD [-20+EBP]
   217 000001CC 89 45 0C                        	MOV	DWORD [12+EBP],EAX
   218 000001CF 8B 45 F0                        	MOV	EAX,DWORD [-16+EBP]
   219 000001D2 89 45 08                        	MOV	DWORD [8+EBP],EAX
   220 000001D5 8D 65 F4                        	LEA	ESP,DWORD [-12+EBP]
   221 000001D8 5B                              	POP	EBX
   222 000001D9 5E                              	POP	ESI
   223 000001DA 5F                              	POP	EDI
   224 000001DB 5D                              	POP	EBP
   225 000001DC E9 [00000000]                   	JMP	_sheet_refresh
   226 000001E1                                 	GLOBAL	_make_textbox8
   227 000001E1                                 _make_textbox8:
   228 000001E1 55                              	PUSH	EBP
   229 000001E2 89 E5                           	MOV	EBP,ESP
   230 000001E4 57                              	PUSH	EDI
   231 000001E5 56                              	PUSH	ESI
   232 000001E6 53                              	PUSH	EBX
   233 000001E7 83 EC 14                        	SUB	ESP,20
   234 000001EA 8B 45 0C                        	MOV	EAX,DWORD [12+EBP]
   235 000001ED 8B 75 10                        	MOV	ESI,DWORD [16+EBP]
   236 000001F0 03 45 14                        	ADD	EAX,DWORD [20+EBP]
   237 000001F3 83 EE 03                        	SUB	ESI,3
   238 000001F6 56                              	PUSH	ESI
   239 000001F7 89 45 F0                        	MOV	DWORD [-16+EBP],EAX
   240 000001FA 8B 45 10                        	MOV	EAX,DWORD [16+EBP]
   241 000001FD 03 45 18                        	ADD	EAX,DWORD [24+EBP]
   242 00000200 89 45 EC                        	MOV	DWORD [-20+EBP],EAX
   243 00000203 8B 45 F0                        	MOV	EAX,DWORD [-16+EBP]
   244 00000206 40                              	INC	EAX
   245 00000207 50                              	PUSH	EAX
   246 00000208 89 45 E8                        	MOV	DWORD [-24+EBP],EAX
   247 0000020B 8B 45 0C                        	MOV	EAX,DWORD [12+EBP]
   248 0000020E 56                              	PUSH	ESI
   249 0000020F 83 E8 02                        	SUB	EAX,2
   250 00000212 50                              	PUSH	EAX
   251 00000213 89 45 E4                        	MOV	DWORD [-28+EBP],EAX
   252 00000216 8B 45 08                        	MOV	EAX,DWORD [8+EBP]
   253 00000219 6A 0D                           	PUSH	13
   254 0000021B FF 70 04                        	PUSH	DWORD [4+EAX]
   255 0000021E FF 30                           	PUSH	DWORD [EAX]
   256 00000220 E8 [00000000]                   	CALL	_boxfill8
   257 00000225 8B 7D 0C                        	MOV	EDI,DWORD [12+EBP]
   258 00000228 8B 45 EC                        	MOV	EAX,DWORD [-20+EBP]
   259 0000022B 83 EF 03                        	SUB	EDI,3
   260 0000022E 40                              	INC	EAX
   261 0000022F 50                              	PUSH	EAX
   262 00000230 89 45 E0                        	MOV	DWORD [-32+EBP],EAX
   263 00000233 57                              	PUSH	EDI
   264 00000234 8B 45 08                        	MOV	EAX,DWORD [8+EBP]
   265 00000237 56                              	PUSH	ESI
   266 00000238 57                              	PUSH	EDI
   267 00000239 6A 0D                           	PUSH	13
   268 0000023B FF 70 04                        	PUSH	DWORD [4+EAX]
   269 0000023E FF 30                           	PUSH	DWORD [EAX]
   270 00000240 E8 [00000000]                   	CALL	_boxfill8
   271 00000245 8B 45 08                        	MOV	EAX,DWORD [8+EBP]
   272 00000248 83 C4 38                        	ADD	ESP,56
   273 0000024B 8B 5D EC                        	MOV	EBX,DWORD [-20+EBP]
   274 0000024E 83 C3 02                        	ADD	EBX,2
   275 00000251 53                              	PUSH	EBX
   276 00000252 FF 75 E8                        	PUSH	DWORD [-24+EBP]
   277 00000255 53                              	PUSH	EBX
   278 00000256 57                              	PUSH	EDI
   279 00000257 6A 0D                           	PUSH	13
   280 00000259 FF 70 04                        	PUSH	DWORD [4+EAX]
   281 0000025C FF 30                           	PUSH	DWORD [EAX]
   282 0000025E E8 [00000000]                   	CALL	_boxfill8
   283 00000263 8B 45 F0                        	MOV	EAX,DWORD [-16+EBP]
   284 00000266 53                              	PUSH	EBX
   285 00000267 83 C0 02                        	ADD	EAX,2
   286 0000026A 50                              	PUSH	EAX
   287 0000026B 56                              	PUSH	ESI
   288 0000026C 50                              	PUSH	EAX
   289 0000026D 8B 45 08                        	MOV	EAX,DWORD [8+EBP]
   290 00000270 6A 0D                           	PUSH	13
   291 00000272 FF 70 04                        	PUSH	DWORD [4+EAX]
   292 00000275 FF 30                           	PUSH	DWORD [EAX]
   293 00000277 E8 [00000000]                   	CALL	_boxfill8
   294 0000027C 8B 45 08                        	MOV	EAX,DWORD [8+EBP]
   295 0000027F 83 C4 38                        	ADD	ESP,56
   296 00000282 8B 5D 10                        	MOV	EBX,DWORD [16+EBP]
   297 00000285 83 EB 02                        	SUB	EBX,2
   298 00000288 8B 7D 0C                        	MOV	EDI,DWORD [12+EBP]
   299 0000028B 53                              	PUSH	EBX
   300 0000028C 4F                              	DEC	EDI
   301 0000028D FF 75 F0                        	PUSH	DWORD [-16+EBP]
   302 00000290 53                              	PUSH	EBX
   303 00000291 57                              	PUSH	EDI
   304 00000292 6A 03                           	PUSH	3
   305 00000294 FF 70 04                        	PUSH	DWORD [4+EAX]
   306 00000297 FF 30                           	PUSH	DWORD [EAX]
   307 00000299 E8 [00000000]                   	CALL	_boxfill8
   308 0000029E 8B 45 08                        	MOV	EAX,DWORD [8+EBP]
   309 000002A1 FF 75 EC                        	PUSH	DWORD [-20+EBP]
   310 000002A4 FF 75 E4                        	PUSH	DWORD [-28+EBP]
   311 000002A7 53                              	PUSH	EBX
   312 000002A8 FF 75 E4                        	PUSH	DWORD [-28+EBP]
   313 000002AB 6A 03                           	PUSH	3
   314 000002AD FF 70 04                        	PUSH	DWORD [4+EAX]
   315 000002B0 FF 30                           	PUSH	DWORD [EAX]
   316 000002B2 E8 [00000000]                   	CALL	_boxfill8
   317 000002B7 8B 45 08                        	MOV	EAX,DWORD [8+EBP]
   318 000002BA 83 C4 38                        	ADD	ESP,56
   319 000002BD FF 75 E0                        	PUSH	DWORD [-32+EBP]
   320 000002C0 FF 75 F0                        	PUSH	DWORD [-16+EBP]
   321 000002C3 FF 75 E0                        	PUSH	DWORD [-32+EBP]
   322 000002C6 FF 75 E4                        	PUSH	DWORD [-28+EBP]
   323 000002C9 6A 0F                           	PUSH	15
   324 000002CB FF 70 04                        	PUSH	DWORD [4+EAX]
   325 000002CE FF 30                           	PUSH	DWORD [EAX]
   326 000002D0 E8 [00000000]                   	CALL	_boxfill8
   327 000002D5 8B 45 08                        	MOV	EAX,DWORD [8+EBP]
   328 000002D8 FF 75 E0                        	PUSH	DWORD [-32+EBP]
   329 000002DB FF 75 E8                        	PUSH	DWORD [-24+EBP]
   330 000002DE 53                              	PUSH	EBX
   331 000002DF FF 75 E8                        	PUSH	DWORD [-24+EBP]
   332 000002E2 6A 0F                           	PUSH	15
   333 000002E4 FF 70 04                        	PUSH	DWORD [4+EAX]
   334 000002E7 FF 30                           	PUSH	DWORD [EAX]
   335 000002E9 E8 [00000000]                   	CALL	_boxfill8
   336 000002EE 8B 45 10                        	MOV	EAX,DWORD [16+EBP]
   337 000002F1 83 C4 38                        	ADD	ESP,56
   338 000002F4 48                              	DEC	EAX
   339 000002F5 FF 75 EC                        	PUSH	DWORD [-20+EBP]
   340 000002F8 FF 75 F0                        	PUSH	DWORD [-16+EBP]
   341 000002FB 50                              	PUSH	EAX
   342 000002FC 57                              	PUSH	EDI
   343 000002FD 0F B6 45 1C                     	MOVZX	EAX,BYTE [28+EBP]
   344 00000301 50                              	PUSH	EAX
   345 00000302 8B 45 08                        	MOV	EAX,DWORD [8+EBP]
   346 00000305 FF 70 04                        	PUSH	DWORD [4+EAX]
   347 00000308 FF 30                           	PUSH	DWORD [EAX]
   348 0000030A E8 [00000000]                   	CALL	_boxfill8
   349 0000030F 8D 65 F4                        	LEA	ESP,DWORD [-12+EBP]
   350 00000312 5B                              	POP	EBX
   351 00000313 5E                              	POP	ESI
   352 00000314 5F                              	POP	EDI
   353 00000315 5D                              	POP	EBP
   354 00000316 C3                              	RET
